Modules list:
-------------
echo.o:
    CODE              Offs=000000  Size=000006  Align=00001  Fill=0000
    RODATA            Offs=000000  Size=000000  Align=00001  Fill=0000
    BSS               Offs=000000  Size=000000  Align=00001  Fill=0000
    DATA              Offs=000000  Size=000000  Align=00001  Fill=0000
    ZEROPAGE          Offs=000000  Size=000000  Align=00001  Fill=0000
    NULL              Offs=000000  Size=000000  Align=00001  Fill=0000


Segment list:
-------------
Name                   Start     End    Size  Align
----------------------------------------------------
NULL                  000000  000000  000000  00001
RODATA                000000  000000  000000  00001
ZEROPAGE              000040  000040  000000  00001
CODE                  000700  000705  000006  00001
BSS                   000706  000706  000000  00001
DATA                  000800  000800  000000  00001


Exports list by name:
---------------------
__BSS_LOAD__              000706  LA    __BSS_RUN__               000706  LA    
__BSS_SIZE__              000000  EA    __CODE_LOAD__             000700  LA    
__CODE_RUN__              000700  LA    __CODE_SIZE__             000006  EA    
__DATA_LOAD__             000800  LA    __DATA_RUN__              000800  LA    
__DATA_SIZE__             000000  EA    


Exports list by value:
----------------------
__BSS_SIZE__              000000  EA    __DATA_SIZE__             000000  EA    
__CODE_SIZE__             000006  EA    __CODE_LOAD__             000700  LA    
__CODE_RUN__              000700  LA    __BSS_LOAD__              000706  LA    
__BSS_RUN__               000706  LA    __DATA_LOAD__             000800  LA    
__DATA_RUN__              000800  LA    


Imports list:
-------------
__BSS_LOAD__ ([linker generated]):
__BSS_RUN__ ([linker generated]):
__BSS_SIZE__ ([linker generated]):
__CODE_LOAD__ ([linker generated]):
__CODE_RUN__ ([linker generated]):
__CODE_SIZE__ ([linker generated]):
__DATA_LOAD__ ([linker generated]):
__DATA_RUN__ ([linker generated]):
__DATA_SIZE__ ([linker generated]):

